<!DOCTYPE html>
<html lang="en">
<head>
	<meta charset="UTF-8">
	<title>Golden</title>
	<link rel="stylesheet" href="css/main.css">
</head>
<body>
	<header>
		<div class="container">
			<div class="heading clearfix">
				<img src="img/logo.png" alt"logo" class="logo">
				<nav>
					<ul class="menu">
						<li>
							<a href="#">Home</a>
						</li>
						<li>
							<a href="#">Services</a>
						</li>
						<li>
							<a href="#">Portfolio</a>
						</li>
						<li>
							<a href="#">About</a>
						</li>
						<li>
							<a href="#">Contact</a>
						</li>
					</ul>
				</nav>
			</div>
			<div class="titles">
				<div class="titles_first">
					Welcome To Our Studio!
				</div>
				<h1>It’s nice to Meet you</h1>
			</div>
			<a class="button" href="#">
				Tell me more
			</a>
		</div>
	</header>
	<section id="services">
		<div class="container">
			<div class="title">
				<h2>Services</h2>
				<p>Proin iaculis purus consequat sem cure.</p>
			</div>
			<div class="services clearfix">
				<div class="services__item">
					<img src="img/icon1.png" alt"Услуга">
					<h3>E-Commerce</h3>
					<p>Proin iaculis purus consequat sem cure 
						digni ssim. Donec porttitora entum suscipit 
						aenean rhoncus posuere odio in tincidunt.
					</p>
				</div>
				<div class="services__item">
					<img src="img/icon2.png" alt"Услуга">
					<h3>Responsive Web</h3>
					<p>Proin iaculis purus consequat sem cure 
						digni ssim. Donec porttitora entum suscipit 
						aenean rhoncus posuere odio in tincidunt.
					</p>
				</div>
				<div class="services__item">
					<img src="img/icon3.png" alt"Услуга">
					<h3>Web Security</h3>
					<p>Proin iaculis purus consequat sem cure 
						digni ssim. Donec porttitora entum suscipit 
						aenean rhoncus posuere odio in tincidunt.
					</p>
				</div>
			</div>
		</div>
	</section>
	<section id="portfolio">
		<div class="container">
			<div class="title">
				<h2>Our portfolio</h2>
				<p>Proin iaculis purus consequat sem cure.</p>
			</div>
			<div class="works clearfix">
				<img src="img/img1.jpg" alt"Работа">
				<img src="img/img2.jpg" alt"Работа">
				<img src="img/img3.jpg" alt"Работа">
			</div>
		</div>
	</section>
	<section>
		<div class="container">
			<div class="title">
				<h2>About Us</h2>
				<p>Proin iaculis purus consequat sem cure.</p>
			</div>
			<div class="title_block clearfix">
				<div class="title_blockimg clearfix">
					<div class="title_text">
						<h4>July 2010</h4>
						<h5>Our Humble Beginnings</h5>
						<p>Proin iaculis purus consequat sem cure 
							digni ssim. Donec porttitora entum suscipit 
							aenean rhoncus posuere odio in tincidunt. Proin 
							iaculis purus consequat sem cure digni 
							ssim. Donec porttitora entum suscipit.
						</p>
					</div>
					<img src="img/about1.jpg" alt"Про нас">
				</div>
				<div class="title_blockimg2 clearfix">
					<img src="img/about2.jpg" alt"Про нас">
					<div class="title_text2">
						<h4>January 2011</h4>
						<h5>Facing Startup Battles</h5>
						<p>Proin iaculis purus consequat sem cure 
							digni ssim. Donec porttitora entum suscipit 
							aenean rhoncus posuere odio in tincidunt. Proin 
							iaculis purus consequat sem cure digni 
							ssim. Donec porttitora entum suscipit.
						</p>
					</div>
				</div>
				<div class="title_blockimg clearfix">
					<div class="title_text">
						<h4>December 2012</h4>
						<h5>Enter The Dark Days</h5>
						<p>Proin iaculis purus consequat sem cure 
							digni ssim. Donec porttitora entum suscipit 
							aenean rhoncus posuere odio in tincidunt. Proin 
							iaculis purus consequat sem cure digni 
							ssim. Donec porttitora entum suscipit.
						</p>
					</div>
					<img src="img/about3.jpg" alt"Про нас">
				</div>
				<div class="title_blockimg2 clearfix">
					<img src="img/about4.jpg" alt"Про нас">
					<div class="title_text2">
						<h4>february 2014</h4>
						<h5>Our Triumph</h5>
						<p>Proin iaculis purus consequat sem cure 
							digni ssim. Donec porttitora entum suscipit 
							aenean rhoncus posuere odio in tincidunt. Proin 
							iaculis purus consequat sem cure digni 
							ssim. Donec porttitora entum suscipit.
						</p>
					</div>
				</div>
			</div>
		</div>
	</section>
	<footer>
		<div class="footer_text">
			<p>© Copyright 2014 FreebiesXpress.com</p>
		</div>
	</footer>
</body>
</html>